% Source code generated with Caramel.
module 'Hello_world'
[
 'main'/1
]
attributes []

'main'/1 =
 (fun (X) ->
 
   case X of
   <[]> when 'true' ->
     call 'io':'format'(
       #{
         #<126>(8,1,'integer',['unsigned'|['big']]),
         #<115>(8,1,'integer',['unsigned'|['big']]),
         #<10>(8,1,'integer',['unsigned'|['big']])
       }#,
       [
        #{
          #<98>(8,1,'integer',['unsigned'|['big']]),
          #<121>(8,1,'integer',['unsigned'|['big']]),
          #<101>(8,1,'integer',['unsigned'|['big']]),
          #<33>(8,1,'integer',['unsigned'|['big']])
        }#|[] ])
   <_> when 'true' ->
     do
       call 'io':'format'(
         #{
           #<72>(8,1,'integer',['unsigned'|['big']]),
           #<101>(8,1,'integer',['unsigned'|['big']]),
           #<108>(8,1,'integer',['unsigned'|['big']]),
           #<108>(8,1,'integer',['unsigned'|['big']]),
           #<111>(8,1,'integer',['unsigned'|['big']]),
           #<44>(8,1,'integer',['unsigned'|['big']]),
           #<32>(8,1,'integer',['unsigned'|['big']]),
           #<126>(8,1,'integer',['unsigned'|['big']]),
           #<115>(8,1,'integer',['unsigned'|['big']]),
           #<33>(8,1,'integer',['unsigned'|['big']]),
           #<10>(8,1,'integer',['unsigned'|['big']])
         }#, [ call 'erlang':'hd'(X)|[] ])
       apply 'main'/1(call 'erlang':'tl'(X))
   end -| [])
end

